// Jest Snapshot v1, https://goo.gl/fbAQLP

exports[`Card should match the snapshot 1`] = `
ShallowWrapper {
  "length": 1,
  Symbol(enzyme.__root__): [Circular],
  Symbol(enzyme.__unrendered__): <Unknown
    favorites={
        Array [
            Object {
              "movie_id": 1,
            },
            Object {},
            Object {},
          ]
    }
    handleRemove={[Function]}
    handleRemoveFavorite={[Function]}
    handleSubmitFavorite={[Function]}
    movie_id={1}
    overview="what?"
    poster_path="www.moviesarefoolish.com"
    release_date={56}
    title="movie"
    user={
        Object {
            "user_id": 2,
          }
    }
    vote_average={345}
/>,
  Symbol(enzyme.__renderer__): Object {
    "batchedUpdates": [Function],
    "getNode": [Function],
    "render": [Function],
    "simulateEvent": [Function],
    "unmount": [Function],
  },
  Symbol(enzyme.__node__): Object {
    "instance": null,
    "key": undefined,
    "nodeType": "host",
    "props": Object {
      "children": Array [
        <div
          className="overview-div"
>
          <h2
                    className="movie-title"
          >
                    movie
          </h2>
          <h4
                    className="movie-date"
          >
                    56
          </h4>
          <p>
                    what?
          </p>
</div>,
        <div
          className="card_image"
          style={
                    Object {
                              "backgroundImage": "url(https://image.tmdb.org/t/p/w500www.moviesarefoolish.com)",
                            }
          }
>
          <div
                    className="rating_div"
          >
                    <h3
                              className="card_rating"
                    >
                              345
                    </h3>
          </div>
</div>,
        <div
          className="remove_button"
          onClick={[Function]}
          type="button"
>
          Remove
</div>,
      ],
      "className": "card_div",
    },
    "ref": null,
    "rendered": Array [
      Object {
        "instance": null,
        "key": undefined,
        "nodeType": "host",
        "props": Object {
          "children": Array [
            <h2
              className="movie-title"
>
              movie
</h2>,
            <h4
              className="movie-date"
>
              56
</h4>,
            <p>
              what?
</p>,
          ],
          "className": "overview-div",
        },
        "ref": null,
        "rendered": Array [
          Object {
            "instance": null,
            "key": undefined,
            "nodeType": "host",
            "props": Object {
              "children": "movie",
              "className": "movie-title",
            },
            "ref": null,
            "rendered": "movie",
            "type": "h2",
          },
          Object {
            "instance": null,
            "key": undefined,
            "nodeType": "host",
            "props": Object {
              "children": 56,
              "className": "movie-date",
            },
            "ref": null,
            "rendered": 56,
            "type": "h4",
          },
          Object {
            "instance": null,
            "key": undefined,
            "nodeType": "host",
            "props": Object {
              "children": "what?",
            },
            "ref": null,
            "rendered": "what?",
            "type": "p",
          },
        ],
        "type": "div",
      },
      Object {
        "instance": null,
        "key": undefined,
        "nodeType": "host",
        "props": Object {
          "children": <div
            className="rating_div"
>
            <h3
                        className="card_rating"
            >
                        345
            </h3>
</div>,
          "className": "card_image",
          "style": Object {
            "backgroundImage": "url(https://image.tmdb.org/t/p/w500www.moviesarefoolish.com)",
          },
        },
        "ref": null,
        "rendered": Object {
          "instance": null,
          "key": undefined,
          "nodeType": "host",
          "props": Object {
            "children": <h3
              className="card_rating"
>
              345
</h3>,
            "className": "rating_div",
          },
          "ref": null,
          "rendered": Object {
            "instance": null,
            "key": undefined,
            "nodeType": "host",
            "props": Object {
              "children": 345,
              "className": "card_rating",
            },
            "ref": null,
            "rendered": 345,
            "type": "h3",
          },
          "type": "div",
        },
        "type": "div",
      },
      Object {
        "instance": null,
        "key": undefined,
        "nodeType": "host",
        "props": Object {
          "children": "Remove",
          "className": "remove_button",
          "onClick": [Function],
          "type": "button",
        },
        "ref": null,
        "rendered": "Remove",
        "type": "div",
      },
    ],
    "type": "div",
  },
  Symbol(enzyme.__nodes__): Array [
    Object {
      "instance": null,
      "key": undefined,
      "nodeType": "host",
      "props": Object {
        "children": Array [
          <div
            className="overview-div"
>
            <h2
                        className="movie-title"
            >
                        movie
            </h2>
            <h4
                        className="movie-date"
            >
                        56
            </h4>
            <p>
                        what?
            </p>
</div>,
          <div
            className="card_image"
            style={
                        Object {
                                    "backgroundImage": "url(https://image.tmdb.org/t/p/w500www.moviesarefoolish.com)",
                                  }
            }
>
            <div
                        className="rating_div"
            >
                        <h3
                                    className="card_rating"
                        >
                                    345
                        </h3>
            </div>
</div>,
          <div
            className="remove_button"
            onClick={[Function]}
            type="button"
>
            Remove
</div>,
        ],
        "className": "card_div",
      },
      "ref": null,
      "rendered": Array [
        Object {
          "instance": null,
          "key": undefined,
          "nodeType": "host",
          "props": Object {
            "children": Array [
              <h2
                className="movie-title"
>
                movie
</h2>,
              <h4
                className="movie-date"
>
                56
</h4>,
              <p>
                what?
</p>,
            ],
            "className": "overview-div",
          },
          "ref": null,
          "rendered": Array [
            Object {
              "instance": null,
              "key": undefined,
              "nodeType": "host",
              "props": Object {
                "children": "movie",
                "className": "movie-title",
              },
              "ref": null,
              "rendered": "movie",
              "type": "h2",
            },
            Object {
              "instance": null,
              "key": undefined,
              "nodeType": "host",
              "props": Object {
                "children": 56,
                "className": "movie-date",
              },
              "ref": null,
              "rendered": 56,
              "type": "h4",
            },
            Object {
              "instance": null,
              "key": undefined,
              "nodeType": "host",
              "props": Object {
                "children": "what?",
              },
              "ref": null,
              "rendered": "what?",
              "type": "p",
            },
          ],
          "type": "div",
        },
        Object {
          "instance": null,
          "key": undefined,
          "nodeType": "host",
          "props": Object {
            "children": <div
              className="rating_div"
>
              <h3
                            className="card_rating"
              >
                            345
              </h3>
</div>,
            "className": "card_image",
            "style": Object {
              "backgroundImage": "url(https://image.tmdb.org/t/p/w500www.moviesarefoolish.com)",
            },
          },
          "ref": null,
          "rendered": Object {
            "instance": null,
            "key": undefined,
            "nodeType": "host",
            "props": Object {
              "children": <h3
                className="card_rating"
>
                345
</h3>,
              "className": "rating_div",
            },
            "ref": null,
            "rendered": Object {
              "instance": null,
              "key": undefined,
              "nodeType": "host",
              "props": Object {
                "children": 345,
                "className": "card_rating",
              },
              "ref": null,
              "rendered": 345,
              "type": "h3",
            },
            "type": "div",
          },
          "type": "div",
        },
        Object {
          "instance": null,
          "key": undefined,
          "nodeType": "host",
          "props": Object {
            "children": "Remove",
            "className": "remove_button",
            "onClick": [Function],
            "type": "button",
          },
          "ref": null,
          "rendered": "Remove",
          "type": "div",
        },
      ],
      "type": "div",
    },
  ],
  Symbol(enzyme.__options__): Object {
    "adapter": ReactSixteenAdapter {
      "options": Object {
        "enableComponentDidUpdateOnSetState": true,
      },
    },
  },
}
`;
